
 Start  Stop   Length Name               Class

 00000H 03B76H 03B77H _TEXT              CODE
 03B77H 0448CH 00916H CHKDSK_TEXT        CODE
 0448DH 04542H 000B6H CHKDRVR_TEXT       CODE
 04543H 0456CH 0002AH CHKARGS_TEXT       CODE
 0456DH 04EBBH 0094FH KITTEN_TEXT        CODE
 04EBCH 05AEBH 00C30H RDWRSECT_TEXT      CODE
 05AECH 06A3BH 00F50H BOOT_TEXT          CODE
 06A3CH 06F61H 00526H DIRECT_TEXT        CODE
 06F62H 07004H 000A3H DRIVE_TEXT         CODE
 07005H 08272H 0126EH FAT_TEXT           CODE
 08273H 083F5H 00183H FTEERR_TEXT        CODE
 083F6H 08A0BH 00616H SUBDIR_TEXT        CODE
 08A0CH 08E07H 003FCH FSINFO_TEXT        CODE
 08E08H 08F42H 0013BH LOWFAT32_TEXT      CODE
 08F43H 0973DH 007FBH BACKUP_TEXT        CODE
 0973EH 09921H 001E4H VOLUME_TEXT        CODE
 09922H 099AEH 0008DH LFN_TEXT           CODE
 099AFH 09E0BH 0045DH WALKTREE_TEXT      CODE
 09E0CH 09F42H 00137H CPYSCT_TEXT        CODE
 09F43H 0A078H 00136H DIRCNT_TEXT        CODE
 0A079H 0A573H 004FBH FNDCIDIR_TEXT      CODE
 0A574H 0A759H 001E6H FNDCIFAT_TEXT      CODE
 0A75AH 0A8CCH 00173H GTNTHCST_TEXT      CODE
 0A8CDH 0AC48H 0037CH NTHENTRY_TEXT      CODE
 0AC49H 0AF26H 002DEH ADCPDIRS_TEXT      CODE
 0AF27H 0B966H 00A40H FILECHN_TEXT       CODE
 0B967H 0BA7CH 00116H FEXIST_TEXT        CODE
 0BA7DH 0BDF1H 00375H LOCPATH_TEXT       CODE
 0BDF2H 0C0C4H 002D3H WALKWPTH_TEXT      CODE
 0C0C5H 0C5EAH 00526H TRACEPTH_TEXT      CODE
 0C5EBH 0CC6CH 00682H FREESPAC_TEXT      CODE
 0CC6DH 0E805H 01B99H VFILESYS_TEXT      CODE
 0E806H 0EA48H 00243H WILDCARD_TEXT      CODE
 0EA49H 0ED55H 0030DH PATHCONV_TEXT      CODE
 0ED56H 0F06AH 00315H MKABSPTH_TEXT      CODE
 0F06BH 0F18CH 00122H SCTCACHE_TEXT      CODE
 0F18DH 0F2FAH 0016EH PHSCACHE_TEXT      CODE
 0F2FBH 0F4AEH 001B4H LOGCACHE_TEXT      CODE
 0F4AFH 10580H 010D2H BLKCACHE_TEXT      CODE
 10581H 1070AH 0018AH XMS_TEXT           CODE
 1070BH 10970H 00266H WRTBACK_TEXT       CODE
 10971H 10A3DH 000CDH READ_TEXT          CODE
 10A3EH 10ABAH 0007DH WRITE_TEXT         CODE
 10ABBH 10BCDH 00113H FTEMEM_TEXT        CODE
 10BCEH 10E0CH 0023FH BITFIELD_TEXT      CODE
 10E0DH 1116DH 00361H VFSBTFLD_TEXT      CODE
 1116EH 11265H 000F8H VFSARRAY_TEXT      CODE
 11266H 113BDH 00158H LBLVALID_TEXT      CODE
 113BEH 11580H 001C3H DFATCHK_TEXT       CODE
 11581H 11FEDH 00A6DH CROSSLNK_TEXT      CODE
 11FEEH 12BE0H 00BF3H LOSTCLTS_TEXT      CODE
 12BE1H 12CAAH 000CAH FATSUM_TEXT        CODE
 12CABH 130E5H 0043BH FILESSUM_TEXT      CODE
 130E6H 138F5H 00810H SUMMARY_TEXT       CODE
 138F6H 13A93H 0019EH FSSTRING_TEXT      CODE
 13A94H 13C02H 0016FH DESCIFAT_TEXT      CODE
 13C03H 13D4FH 0014DH DESCCHK_TEXT       CODE
 13D50H 13F9FH 00250H DTDTPNT_TEXT       CODE
 13FA0H 14328H 00389H DBLFILES_TEXT      CODE
 14329H 148D3H 005ABH CHKLFNS_TEXT       CODE
 148D4H 1521FH 0094CH CHKENTRS_TEXT      CODE
 15220H 157B9H 0059AH SCANFILS_TEXT      CODE
 157BAH 15AB5H 002FCH SCNSBDRS_TEXT      CODE
 15AB6H 15C66H 001B1H SCNRTDIR_TEXT      CODE
 15C67H 16196H 00530H INVCHAR_TEXT       CODE
 16197H 16303H 0016DH INVFCLST_TEXT      CODE
 16304H 16AECH 007E9H FSTTRMAP_TEXT      CODE
 16AEDH 17483H 00997H INTELWLK_TEXT      CODE
 17484H 17715H 00292H DEFRFACT_TEXT      CODE
 17716H 18208H 00AF3H SURFACE_TEXT       CODE
 18209H 1828AH 00082H CHKMSGS_TEXT       CODE
 1828BH 18431H 001A7H PRINTBUF_TEXT      CODE
 18440H 18440H 00000H _FARDATA           FAR_DATA
 18440H 18440H 00000H _OVERLAY_          OVRINFO
 18440H 18451H 00012H _INIT_             INITDATA
 18452H 18452H 00000H _INITEND_          INITDATA
 18452H 18452H 00000H _EXIT_             EXITDATA
 18452H 18452H 00000H _EXITEND_          EXITDATA
 18460H 18460H 00000H _1STUB_            STUBSEG
 18460H 1A6B5H 02256H _DATA              DATA
 1A6B6H 1A6B6H 00000H _CVTSEG            DATA
 1A6B6H 1A6B6H 00000H _SCNSEG            DATA
 1A6B6H 1A6CCH 00017H XMS_DATA           DATA
 1A6CEH 1FEFFH 05832H _BSS               BSS
 1FF00H 1FF00H 00000H _BSSEND            ENDBSS
 1FF00H 1FF7FH 00080H _STACK             STACK
 1FF80H 1FF87H 00008H SWITCHCH_TEXT      

  Address         Publics by Name

 1846:0000       DATASEG@
 0000:0206       DGROUP@
 0000:3856       F_LDIV@
 0000:3865       F_LMOD@
 0000:385D       F_LUDIV@
 0000:386D       F_LUMOD@
 0000:3904       F_LXLSH@
 0000:383C       F_LXMUL@
 0000:3925       F_LXURSH@
 0000:3946       F_PADD@
 0000:3975       F_PSUB@
 0000:39A6       F_SCOPY@
 0000:3856       LDIV@
 0000:3865       LMOD@
 0000:385D       LUDIV@
 0000:386D       LUMOD@
 0000:3904       LXLSH@
 0000:383C       LXMUL@
 0000:3925       LXURSH@
 0000:3853       N_LDIV@
 0000:3862       N_LMOD@
 0000:385A       N_LUDIV@
 0000:386A       N_LUMOD@
 0000:3901       N_LXLSH@
 0000:39C2       N_LXMUL@
 0000:3922       N_LXURSH@
 0000:3943       N_PADD@
 0000:39D9       N_PCMP@
 0000:3972       N_PSUB@
 0000:39A3       N_SCOPY@
 0000:3946       PADD@
 0000:3975       PSUB@
 0000:39A6       SCOPY@
 0000:01F0       _abort
 0000:214F       _absread
 0000:21B6       _abswrite
 0000:020A       _access
 0AC4:0009       _AdaptCurrentAndPreviousDirs
 0AF2:038A       _AddDirectory
 0C0C:00B3       _AddToFrontOfString
 10AB:00C1       _AllocateBootSector
 10AB:00E0       _AllocateDirectoryEntry
 10AB:00FF       _AllocateFSInfo
 10AB:008A       _AllocateSector
 10AB:009B       _AllocateSectors
 0000:0506       _asctime
 0000:0271       _atexit
 0000:2292       _atoi
 0000:221D       _atol
 08F4:0003       _BackupBoot
 08F4:074D       _BackupFat
 0F06:00EF       _CacheActive
 0F4A:01DF       _CacheBlockSector
 0F06:0055       _CacheIsCorrupt
 0F06:0064       _CacheSector
 0C5E:05E1       _CalculateFreeSpace
 05AE:0DB1       _CalculateNewSerialNumber
 0992:0002       _CalculateSFNCheckSum
 1846:45F2       _catcontents
 1846:4272       _catfile
 1846:42F2       _catpoints
 0456:0433       _catread
 0000:22A3       _chdir
 13A9:0004       _CheckDescriptorInFat
 148D:0004       _CheckDirectoryEntries
 13FA:00D6       _CheckDirectoryForDoubles
 13D5:003F       _CheckDirectoryForInvalidDblDots
 157B:00A4       _CheckEntriesInCluster
 15C6:0046       _CheckEntryForInvalidChars
 1126:0006       _CheckFatLabelValidity
 1619:003F       _CheckFirstCluster
 08A0:0108       _CheckFSInfo
 138F:0006       _CheckFSString
 1432:0054       _CheckLFNInDirectory
 0448:000D       _CheckVolume
 10BC:0116       _ClearBitfieldBit
 0827:0016       _ClearFTEerror
 10E0:015C       _ClearVFSBitfieldBit
 0000:029E       _close
 0F2F:00B4       _CloseLogicalCache
 0F4A:01B7       _ClosePerBlockCaching
 0F18:0097       _ClosePhysicalCache
 04EB:0BD8       _CloseReadWriteSectors
 0F06:0018       _CloseSectorCache
 0F06:0117       _CommitCache
 1630:004F       _CompressFastTreeMap
 0EA4:0248       _ConvertEntryPath
 11FE:009E       _ConvertLostClustersToFiles
 0700:02E7       _ConvertToDataSector
 0EA4:0009       _ConvertUserPath
 09E0:000C       _CopySectors
 138F:00B7       _CorrectFSString
 10BC:000E       _CreateBitField
 1630:0004       _CreateFastTreeMap
 0AF2:0007       _CreateFileChain
 1116:000E       _CreateVFSArray
 10E0:000D       _CreateVFSBitField
 0CC6:000D       _CreateVirtualFile
 0000:055F       _ctime
 0700:0210       _DataSectorToCluster
 1846:21CC       _daylight
 0F4A:0F07       _DBGLogDelim
 0F4A:0EB7       _DBGLogSector
 1846:0DFA       _DBG_A
 1846:0DFE       _DBG_B
 1846:0E02       _DBG_C
 1846:0E06       _DBG_D
 1846:0DEE       _DBG_HITS
 1846:0DF6       _DBG_TOTAL
 1846:0DF2       _DBG_WRITES
 0CC6:00E4       _DeleteVirtualFile
 13C0:0003       _DescriptorCheck
 10BC:0098       _DestroyBitfield
 157B:01CE       _DestroyClusterEntryChecking
 1158:08F8       _DestroyClusterReferenceList
 13D5:0124       _DestroyDblDotChecking
 13FA:02A3       _DestroyDblNameChecking
 0A07:00AF       _DestroyDirReferedTable
 1630:0167       _DestroyFastTreeMap
 0A57:00EA       _DestroyFatReferedTable
 1619:015D       _DestroyFirstClusterChecking
 15C6:043E       _DestroyInvalidCharChecking
 1432:0316       _DestroyLFNChecking
 1116:0076       _DestroyVFSArray
 10E0:00A4       _DestroyVFSBitfield
 05AE:08D7       _DetermineFATType
 1846:198A       _DirectoryChecks
 083F:04C1       _DirectoryEquals
 1097:0001       _disk_read
 1097:0051       _disk_read_ext
 10A3:000E       _disk_write_ext
 0000:1B53       _dostounix
 1058:0101       _DOStoXMSmove
 0456:00EA       _dos_close
 0456:000D       _dos_open
 0456:0052       _dos_read
 0456:009E       _dos_write
 0F4A:0F57       _DumpCache
 0F2F:00E1       _EnsureBlockMapped
 0CC6:0776       _EnsureClusterFree
 0CC6:0796       _EnsureClustersFree
 06A3:03A5       _EntryLength
 1846:2252       _environ
 1846:007D       _errno
 0000:0CDE       _exit
 08E0:0008       _ExtendedAbsReadWrite
 0AF2:0117       _ExtendFileChain
 0000:357E       _farfree
 0000:366E       _farmalloc
 0000:37CE       _farrealloc
 1846:1B46       _FastTreeLen
 1630:0548       _FastWalkDirectoryTree
 0000:0E2F       _fclose
 0000:1233       _fdopen
 0000:0EDE       _fflush
 0700:099D       _FileTraverseFat
 0A07:0252       _FindClusterInDirectories
 0A57:01A2       _FindClusterInFAT
 1158:0001       _FindCrossLinkedFiles
 0C5E:038E       _FindFirstFittingFreeSpace
 0C5E:000B       _FindFirstFreeSpace
 0C5E:0412       _FindLastFreeCluster
 11FE:000E       _FindLostClusters
 0C5E:0188       _FindNextFreeSpace
 0C0C:01C5       _FindPointingPosition
 148D:0104       _FixDirectoryEntries
 0448:005A       _FixVolume
 0000:0FAE       _flushall
 0000:11C8       _fopen
 0000:1275       _fprintf
 0000:14D4       _fputc
 0000:1630       _fputchar
 0000:357E       _free
 10AB:00CF       _FreeBootSector
 10AB:00EE       _FreeDirectoryEntry
 10AB:010D       _FreeFSInfo
 10AB:00B0       _FreeSectors
 0000:11FA       _freopen
 0000:1315       _fseek
 10AB:000B       _FTEAlloc
 10AB:0053       _FTEFree
 0000:1395       _ftell
 05AE:0569       _GetBiosDriveNumber
 05AE:082B       _GetBPBFileSystemString
 05AE:077F       _GetBPBVolumeLabel
 0700:114B       _GetBytesInFat
 05AE:046E       _GetClustersInDataArea
 0000:2309       _getcurdir
 0000:13E5       _getcwd
 0700:00B0       _GetDataAreaStart
 0000:1471       _getdate
 0000:23C9       _getdfree
 083F:03DD       _GetDirectory
 06A3:000C       _GetDirectoryStart
 0000:22BB       _getdisk
 05AE:06D7       _GetDiskSerialNumber
 0000:2326       _getenv
 0000:23AB       _getfat
 05AE:0BA6       _GetFAT32BackupBootSector
 05AE:0AE0       _GetFAT32RootCluster
 08E0:00B6       _GetFAT32SectorSize
 05AE:0A36       _GetFAT32Version
 0000:2396       _getfatd
 0700:0019       _GetFatLabelSize
 0700:0005       _GetFatStart
 12BE:0001       _GetFATSummary
 1828:000B       _GetFilePrintBuffer
 12CA:000B       _GetFilesSummary
 06A3:034B       _GetFirstCluster
 0F4A:089E       _GetFirstDirtyTag
 0827:00BE       _GetFirstFTEError
 08A0:01E9       _GetFreeClusterSearchStart
 0C5E:053B       _GetFreeDiskSpace
 05AE:0B46       _GetFSInfoSector
 0827:0003       _GetFTEerror
 05AE:0522       _GetLabelsInFat
 1846:2272       _getlbuf
 1846:226E       _getlp
 1846:05E6       _getlrem
 0CC6:1AF9       _GetMaxRelocatableSize
 05AE:036D       _GetMediaDescriptor
 1828:0015       _GetMessageBuffer
 0827:00E5       _GetNextFTEError
 0A75:000A       _GetNthCluster
 0A8C:000D       _GetNthDirectoryPosition
 0A8C:01CD       _GetNthDirectorySector
 0A8C:024B       _GetNthSubDirectoryPosition
 05AE:030B       _GetNumberOfFats
 08A0:02F3       _GetNumberOfFreeClusters
 05AE:033C       _GetNumberOfRootEntries
 05AE:039E       _GetNumberOfSectors
 0ED5:0006       _GetPreviousDir
 0C5E:04B6       _GetPreviousFreeCluster
 05AE:043D       _GetReadWriteHeads
 04EB:0C24       _GetReadWriteModus
 05AE:02DA       _GetReservedSectors
 06A3:0219       _GetRootDirPosition
 0973:000E       _GetRootDirVolumeLabel
 05AE:02A3       _GetSectorsPerCluster
 05AE:03D5       _GetSectorsPerFat
 05AE:040C       _GetSectorsPerTrack
 0C0C:0005       _GetSurroundingCluster
 0C0C:0364       _GetSurroundingFile
 0000:1484       _gettime
 1116:00C9       _GetVFSArray
 10E0:0204       _GetVFSBitfieldBit
 0CC6:011B       _GetVirtualFileSpaceUsed
 0456:0860       _get_char
 0456:08BA       _get_line
 0000:04B5       _gmtime
 06F6:0002       _HasAllFloppyForm
 06F6:006D       _HasFloppyForm
 0454:0022       _IndicateAllFileListing
 0A07:0352       _IndicateDirClusterMoved
 0A07:02D5       _IndicateDirEntryMoved
 1630:07DA       _IndicateTreeIncomplete
 05AE:0C78       _IndicateVolumeDataFilled
 05AE:0C50       _IndicateVolumeDataFilled_NT
 157B:000A       _InitClusterEntryChecking
 13D5:0000       _InitDblDotChecking
 13FA:0000       _InitDblNameChecking
 1619:0007       _InitFirstClusterChecking
 0F2F:000B       _InitialiseLogicalCache
 0F4A:0122       _InitialisePerBlockCaching
 0F18:000D       _InitialisePhysicalCache
 15C6:0007       _InitInvalidCharChecking
 1432:0009       _InitLFNChecking
 04EB:0BA6       _InitReadSectors
 04EB:0B74       _InitReadWriteSectors
 0F06:000B       _InitSectorCache
 1070:000B       _InstallWriteFunction
 0000:23EB       _int86
 0000:241C       _int86x
 0000:24B5       _intdos
 0000:24E3       _intdosx
 16AE:000D       _IntelligentWalkDirectoryTree
 0F4A:083F       _InvalidateBlockCache
 05AE:028D       _InvalidateBootInfo
 0F06:00DC       _InvalidateCache
 0700:113D       _InvalidateFatCache
 0000:2543       _ioctl
 0000:25A9       _isatty
 0CC6:0654       _IsClusterUsed
 0454:0003       _IsInteractive
 0700:117A       _IsLabelValid
 0700:1212       _IsLabelValidInFile
 06A3:0283       _IsRootDirPosition
 1630:07E5       _IsTreeIncomplete
 05AE:06AD       _IsVolumeDataFilled
 05AE:06C2       _IsVolumeDataFilled_NT
 04EB:0C30       _IsWorkingOnImageFile
 0000:2665       _itoa
 0456:0649       _kittenclose
 0456:0110       _kittengets
 0456:018C       _kittenopen
 1846:05E8       _lastcr
 1846:0656       _LastReadBufferSector
 0700:06DF       _LinearTraverseFat
 0000:04CE       _localtime
 0BA7:000D       _LocateFilePosition
 0BA7:0184       _LocatePathPosition
 06A3:03EA       _LocatePreviousDir
 0BA7:01A7       _LocateRelPathPosition
 0F06:0029       _LockSectorCache
 0B96:0007       _LoFileNameExists
 1846:6B54       _LogicalBlocks
 09F4:00CE       _low_dircount
 0000:25BA       _lseek
 0000:26AC       _ltoa
 03B7:0007       _main
 0ED5:01B4       _MakeAbsolutePath
 1126:0054       _MakeFatLabelsValid
 0000:3664       _malloc
 1630:00C5       _MarkDirectoryEntry
 0E80:0006       _MatchWildcard
 0000:26D4       _memcmp
 0000:26FC       _memcpy
 0000:27B5       _memmove
 0000:2744       _memset
 0000:0707       _mktime
 0000:2763       _movmem
 08F4:00F6       _MultipleBootCheck
 113B:000E       _MultipleFatCheck
 0454:000D       _MustListAllFiles
 0456:0654       _mystrtoul
 1846:6B52       _NumberOfPhysicalBlocks
 0000:2803       _open
 157B:0202       _PerformEntryChecks
 15AB:0006       _PerformRootDirChecks
 13A9:009A       _PlaceDescriptorInFat
 0A8C:0155       _positiongetter
 13D5:0106       _PostProcesDblDotChecking
 13FA:0285       _PostProcesDblNameChecking
 1619:013F       _PostProcesFirstClusterChecking
 15C6:0420       _PostProcesInvalidCharChecking
 1432:02B7       _PostProcesLFNChecking
 157B:017C       _PostProcessClusterEntryChecking
 0CC6:1754       _PrepareVirtualFile
 13D5:001A       _PreProcesDblDotChecking
 13FA:00B2       _PreProcesDblNameChecking
 1619:0021       _PreProcesFirstClusterChecking
 15C6:0021       _PreProcesInvalidCharChecking
 1432:0023       _PreProcesLFNChecking
 157B:0052       _PreProcessClusterEntryChecking
 0000:1497       _printf
 1748:0004       _PrintFileDefragFactors
 05AE:0600       _PrivateIsVolumeDataFilled
 0456:06D2       _processEscChars
 0000:17EF       _puts
 0000:29A1       _read
 05AE:0130       _ReadBootSector
 05AE:0212       _ReadBootSectorIfNeeded
 06A3:00DB       _ReadDirEntry
 0700:0C02       _ReadFatLabel
 08A0:000C       _ReadFSInfo
 04EB:03DD       _ReadSectors
 04EB:0666       _ReadSectorsAddress
 0CC6:042C       _ReadVirtualFile
 0000:37C7       _realloc
 0F18:00AD       _RemapXMSBlock
 1820:0073       _ReportFileName
 1820:0009       _ReportFileSysError
 1820:0032       _ReportFileSysWarning
 1820:005B       _ReportGeneralRemark
 130E:0006       _ReportVolumeSummary
 0F4A:059A       _RetreiveBlockSector
 0F06:0094       _RetreiveCachedSector
 15AB:013E       _RootDirChecker
 1522:0000       _ScanFileChain
 1771:0006       _ScanSurface
 0000:2A7B       _segread
 10BC:00B2       _SetBitfieldBit
 0000:2A9B       _setblock
 0000:2AB7       _setdate
 0000:22C1       _setdisk
 06A3:0367       _SetFirstCluster
 0827:000B       _SetFTEerror
 0454:0017       _SetInteractive
 0000:2720       _setmem
 0000:2ACC       _settime
 0000:18B4       _setvbuf
 1116:008C       _SetVFSArray
 10E0:00B6       _SetVFSBitfieldBit
 1828:0096       _ShowClusterViolation
 1828:001F       _ShowDirectoryViolation
 1828:0108       _ShowFileNameViolation
 1828:014C       _ShowParentViolation
 1158:0017       _SplitCrossLinkedFiles
 0000:1A13       _sprintf
 0F06:003F       _StartSectorCache
 0000:1A56       _stime
 0F06:004A       _StopSectorCache
 0000:2AE1       _strcat
 0000:2B20       _strchr
 0000:2B5D       _strcpy
 0000:0767       _strftime
 0000:2B86       _strlen
 0000:2BA5       _strncpy
 0000:2BD6       _strnicmp
 0000:1AEE       _strrchr
 0A8C:02A5       _SubdirGetter
 083F:0006       _SubdirTraverser
 10BC:017C       _SwapBitfieldBits
 10E0:028C       _SwapVFSBitfieldBits
 1FF8:0000       _SwitchChar
 08F4:077F       _SynchronizeFATs
 0000:1B39       _tell
 1846:0090       _TheChecks
 0000:1A96       _time
 1846:21C8       _timezone
 0000:1EEA       _tmpnam
 0000:1F31       _toupper
 0C0C:0410       _TraceClusterPathName
 0C0C:0215       _TraceFullPathName
 0C0C:0475       _TracePreviousDir
 0827:0021       _TrackFTEError
 083F:0116       _TraverseRootDir
 083F:031F       _TraverseSubdir
 1846:21C0       _tzname
 0000:2C1A       _tzset
 0000:268F       _ultoa
 0F4A:070B       _UncacheBlockSector
 0F06:00BD       _UncacheSector
 1070:00D1       _UninstallWriteFunction
 0000:1C80       _unixtodos
 0000:2EE5       _unlink
 0F06:0034       _UnlockSectorCache
 0827:0130       _UntrackFTEErrors
 1846:6806       _VirtualDirectory
 0000:1A35       _vsprintf
 099A:000F       _WalkDirectoryTree
 0BDF:0002       _WalkWildcardPath
 0000:1F5D       _write
 0F4A:0DA5       _WriteBackCache
 1070:01B3       _WriteBackSectors
 05AE:0D4B       _WriteBiosDriveNumber
 05AE:018D       _WriteBootSector
 05AE:0EA2       _WriteBPBFileSystemString
 05AE:0E2B       _WriteBPBVolumeLabel
 083F:04E9       _WriteDirectory
 06A3:01C7       _WriteDirEntry
 05AE:0D77       _WriteDiskSerialNumber
 05AE:0F4D       _WriteFAT32BackupBootSector
 05AE:0F28       _WriteFAT32RootCluster
 05AE:0F19       _WriteFAT32Version
 0700:0D81       _WriteFatLabel
 0A57:0114       _WriteFatReference
 08A0:03CB       _WriteFreeClusterCount
 08A0:038E       _WriteFreeClusterStart
 08A0:0088       _WriteFSInfo
 05AE:0F3E       _WriteFSInfoSector
 1846:6B9E       _WriteFuncs
 05AE:0CDC       _WriteMediaDescriptor
 05AE:0CCD       _WriteNumberOfFats
 05AE:0CA0       _WriteNumberOfRootEntries
 05AE:0CEB       _WriteNumberOfSectors
 05AE:0D3C       _WriteReadWriteHeads
 05AE:0CBE       _WriteReservedSectors
 04EB:06B5       _WriteSectors
 05AE:0CAF       _WriteSectorsPerCluster
 05AE:0CFA       _WriteSectorsPerFat
 05AE:0D2D       _WriteSectorsPerTrack
 0CC6:01FB       _WriteVirtualFile
 1058:0001       _XMMinit
 1058:0077       _XMSalloc
 1058:004D       _XMScoreleft
 1058:00BA       _XMSfree
 1058:0001       _XMSinit
 1058:0146       _XMStoDOSmove
 0000:1000  Abs  __AHINCR
 0000:000C  Abs  __AHSHIFT
 1846:2242       __argc
 1846:2244       __argv
 1846:1C86       __atexitcnt
 1846:79D8       __atexittbl
 0000:0D83       __brk
 1846:0087       __brklvl
 1846:0069       __C0argc
 1846:006B       __C0argv
 1846:006F       __C0environ
 0000:22CE       __chmod
 0000:22EB       __close
 1846:1E5E       __ctype
 1846:214A       __doserrno
 1846:214C       __dosErrorToSV
 1846:0073       __envLng
 1846:0075       __envseg
 1846:0077       __envSize
 0000:011A       __exit
 1846:1F60       __exitbuf
 0000:00FA       __exitclean
 1846:1F64       __exitfopen
 1846:1F68       __exitopen
 1846:2126       __fmode
 0000:14B2       __fputc
 0000:1647       __FPUTN
 1846:0083       __heapbase
 1846:008B       __heaptop
 1846:0059       __Int0Vector
 1846:005D       __Int4Vector
 1846:0061       __Int5Vector
 1846:0065       __Int6Vector
 0000:256C       __IOERROR
 0000:2E06       __ISDST
 1846:05E4       __kitten_catalog
 0000:25E3       __LONGTOA
 0000:1E84       __MKNAME
 0000:0208       __MMODEL
 1846:21A6       __monthDay
 1846:2128       __notUmask
 0000:2953       __open
 1846:20FE       __openfd
 1846:007B       __osmajor
 1846:007C       __osminor
 1846:0079       __psp
 0000:2A5F       __read
 0000:39FA       __REALCVT
 1846:2256       __RealCvtVector
 0000:0178       __restorezero
 0000:0DC2       __sbrk
 1846:2256       __ScanTodVector
 0000:0000  Abs  __setargv__
 0000:0000  Abs  __setenvp__
 0000:183B       __setupio
 1846:007F       __StartTime
 1846:2130       __stklen
 1846:1F6E       __streams
 1846:7A86       __tmpnum
 1846:007B       __version
 0000:2F15       __VPRINTER
 0000:33ED       __write
 0000:208A       __xfclose
 0000:20C4       __xfflush
 0000:0245       ___assertfail
 0000:3440       ___first
 0000:3442       ___last
 0000:3444       ___rover

  Address         Publics by Value

 0000:0000  Abs  __setargv__
 0000:0000  Abs  __setenvp__
 0000:000C  Abs  __AHSHIFT
 0000:1000  Abs  __AHINCR
 0000:00FA       __exitclean
 0000:011A       __exit
 0000:0178       __restorezero
 0000:01F0       _abort
 0000:0206       DGROUP@
 0000:0208       __MMODEL
 0000:020A       _access
 0000:0245       ___assertfail
 0000:0271       _atexit
 0000:029E       _close
 0000:04B5       _gmtime
 0000:04CE       _localtime
 0000:0506       _asctime
 0000:055F       _ctime
 0000:0707       _mktime
 0000:0767       _strftime
 0000:0CDE       _exit
 0000:0D83       __brk
 0000:0DC2       __sbrk
 0000:0E2F       _fclose
 0000:0EDE       _fflush
 0000:0FAE       _flushall
 0000:11C8       _fopen
 0000:11FA       _freopen
 0000:1233       _fdopen
 0000:1275       _fprintf
 0000:1315       _fseek
 0000:1395       _ftell
 0000:13E5       _getcwd
 0000:1471       _getdate
 0000:1484       _gettime
 0000:1497       _printf
 0000:14B2       __fputc
 0000:14D4       _fputc
 0000:1630       _fputchar
 0000:1647       __FPUTN
 0000:17EF       _puts
 0000:183B       __setupio
 0000:18B4       _setvbuf
 0000:1A13       _sprintf
 0000:1A35       _vsprintf
 0000:1A56       _stime
 0000:1A96       _time
 0000:1AEE       _strrchr
 0000:1B39       _tell
 0000:1B53       _dostounix
 0000:1C80       _unixtodos
 0000:1E84       __MKNAME
 0000:1EEA       _tmpnam
 0000:1F31       _toupper
 0000:1F5D       _write
 0000:208A       __xfclose
 0000:20C4       __xfflush
 0000:214F       _absread
 0000:21B6       _abswrite
 0000:221D       _atol
 0000:2292       _atoi
 0000:22A3       _chdir
 0000:22BB       _getdisk
 0000:22C1       _setdisk
 0000:22CE       __chmod
 0000:22EB       __close
 0000:2309       _getcurdir
 0000:2326       _getenv
 0000:2396       _getfatd
 0000:23AB       _getfat
 0000:23C9       _getdfree
 0000:23EB       _int86
 0000:241C       _int86x
 0000:24B5       _intdos
 0000:24E3       _intdosx
 0000:2543       _ioctl
 0000:256C       __IOERROR
 0000:25A9       _isatty
 0000:25BA       _lseek
 0000:25E3       __LONGTOA
 0000:2665       _itoa
 0000:268F       _ultoa
 0000:26AC       _ltoa
 0000:26D4       _memcmp
 0000:26FC       _memcpy
 0000:2720       _setmem
 0000:2744       _memset
 0000:2763       _movmem
 0000:27B5       _memmove
 0000:2803       _open
 0000:2953       __open
 0000:29A1       _read
 0000:2A5F       __read
 0000:2A7B       _segread
 0000:2A9B       _setblock
 0000:2AB7       _setdate
 0000:2ACC       _settime
 0000:2AE1       _strcat
 0000:2B20       _strchr
 0000:2B5D       _strcpy
 0000:2B86       _strlen
 0000:2BA5       _strncpy
 0000:2BD6       _strnicmp
 0000:2C1A       _tzset
 0000:2E06       __ISDST
 0000:2EE5       _unlink
 0000:2F15       __VPRINTER
 0000:33ED       __write
 0000:3440       ___first
 0000:3442       ___last
 0000:3444       ___rover
 0000:357E       _free
 0000:357E       _farfree
 0000:3664       _malloc
 0000:366E       _farmalloc
 0000:37C7       _realloc
 0000:37CE       _farrealloc
 0000:383C       F_LXMUL@
 0000:383C       LXMUL@
 0000:3853       N_LDIV@
 0000:3856       LDIV@
 0000:3856       F_LDIV@
 0000:385A       N_LUDIV@
 0000:385D       F_LUDIV@
 0000:385D       LUDIV@
 0000:3862       N_LMOD@
 0000:3865       F_LMOD@
 0000:3865       LMOD@
 0000:386A       N_LUMOD@
 0000:386D       F_LUMOD@
 0000:386D       LUMOD@
 0000:3901       N_LXLSH@
 0000:3904       F_LXLSH@
 0000:3904       LXLSH@
 0000:3922       N_LXURSH@
 0000:3925       F_LXURSH@
 0000:3925       LXURSH@
 0000:3943       N_PADD@
 0000:3946       F_PADD@
 0000:3946       PADD@
 0000:3972       N_PSUB@
 0000:3975       F_PSUB@
 0000:3975       PSUB@
 0000:39A3       N_SCOPY@
 0000:39A6       F_SCOPY@
 0000:39A6       SCOPY@
 0000:39C2       N_LXMUL@
 0000:39D9       N_PCMP@
 0000:39FA       __REALCVT
 03B7:0007       _main
 0448:000D       _CheckVolume
 0448:005A       _FixVolume
 0454:0003       _IsInteractive
 0454:000D       _MustListAllFiles
 0454:0017       _SetInteractive
 0454:0022       _IndicateAllFileListing
 0456:000D       _dos_open
 0456:0052       _dos_read
 0456:009E       _dos_write
 0456:00EA       _dos_close
 0456:0110       _kittengets
 0456:018C       _kittenopen
 0456:0433       _catread
 0456:0649       _kittenclose
 0456:0654       _mystrtoul
 0456:06D2       _processEscChars
 0456:0860       _get_char
 0456:08BA       _get_line
 04EB:03DD       _ReadSectors
 04EB:0666       _ReadSectorsAddress
 04EB:06B5       _WriteSectors
 04EB:0B74       _InitReadWriteSectors
 04EB:0BA6       _InitReadSectors
 04EB:0BD8       _CloseReadWriteSectors
 04EB:0C24       _GetReadWriteModus
 04EB:0C30       _IsWorkingOnImageFile
 05AE:0130       _ReadBootSector
 05AE:018D       _WriteBootSector
 05AE:0212       _ReadBootSectorIfNeeded
 05AE:028D       _InvalidateBootInfo
 05AE:02A3       _GetSectorsPerCluster
 05AE:02DA       _GetReservedSectors
 05AE:030B       _GetNumberOfFats
 05AE:033C       _GetNumberOfRootEntries
 05AE:036D       _GetMediaDescriptor
 05AE:039E       _GetNumberOfSectors
 05AE:03D5       _GetSectorsPerFat
 05AE:040C       _GetSectorsPerTrack
 05AE:043D       _GetReadWriteHeads
 05AE:046E       _GetClustersInDataArea
 05AE:0522       _GetLabelsInFat
 05AE:0569       _GetBiosDriveNumber
 05AE:0600       _PrivateIsVolumeDataFilled
 05AE:06AD       _IsVolumeDataFilled
 05AE:06C2       _IsVolumeDataFilled_NT
 05AE:06D7       _GetDiskSerialNumber
 05AE:077F       _GetBPBVolumeLabel
 05AE:082B       _GetBPBFileSystemString
 05AE:08D7       _DetermineFATType
 05AE:0A36       _GetFAT32Version
 05AE:0AE0       _GetFAT32RootCluster
 05AE:0B46       _GetFSInfoSector
 05AE:0BA6       _GetFAT32BackupBootSector
 05AE:0C50       _IndicateVolumeDataFilled_NT
 05AE:0C78       _IndicateVolumeDataFilled
 05AE:0CA0       _WriteNumberOfRootEntries
 05AE:0CAF       _WriteSectorsPerCluster
 05AE:0CBE       _WriteReservedSectors
 05AE:0CCD       _WriteNumberOfFats
 05AE:0CDC       _WriteMediaDescriptor
 05AE:0CEB       _WriteNumberOfSectors
 05AE:0CFA       _WriteSectorsPerFat
 05AE:0D2D       _WriteSectorsPerTrack
 05AE:0D3C       _WriteReadWriteHeads
 05AE:0D4B       _WriteBiosDriveNumber
 05AE:0D77       _WriteDiskSerialNumber
 05AE:0DB1       _CalculateNewSerialNumber
 05AE:0E2B       _WriteBPBVolumeLabel
 05AE:0EA2       _WriteBPBFileSystemString
 05AE:0F19       _WriteFAT32Version
 05AE:0F28       _WriteFAT32RootCluster
 05AE:0F3E       _WriteFSInfoSector
 05AE:0F4D       _WriteFAT32BackupBootSector
 06A3:000C       _GetDirectoryStart
 06A3:00DB       _ReadDirEntry
 06A3:01C7       _WriteDirEntry
 06A3:0219       _GetRootDirPosition
 06A3:0283       _IsRootDirPosition
 06A3:034B       _GetFirstCluster
 06A3:0367       _SetFirstCluster
 06A3:03A5       _EntryLength
 06A3:03EA       _LocatePreviousDir
 06F6:0002       _HasAllFloppyForm
 06F6:006D       _HasFloppyForm
 0700:0005       _GetFatStart
 0700:0019       _GetFatLabelSize
 0700:00B0       _GetDataAreaStart
 0700:0210       _DataSectorToCluster
 0700:02E7       _ConvertToDataSector
 0700:06DF       _LinearTraverseFat
 0700:099D       _FileTraverseFat
 0700:0C02       _ReadFatLabel
 0700:0D81       _WriteFatLabel
 0700:113D       _InvalidateFatCache
 0700:114B       _GetBytesInFat
 0700:117A       _IsLabelValid
 0700:1212       _IsLabelValidInFile
 0827:0003       _GetFTEerror
 0827:000B       _SetFTEerror
 0827:0016       _ClearFTEerror
 0827:0021       _TrackFTEError
 0827:00BE       _GetFirstFTEError
 0827:00E5       _GetNextFTEError
 0827:0130       _UntrackFTEErrors
 083F:0006       _SubdirTraverser
 083F:0116       _TraverseRootDir
 083F:031F       _TraverseSubdir
 083F:03DD       _GetDirectory
 083F:04C1       _DirectoryEquals
 083F:04E9       _WriteDirectory
 08A0:000C       _ReadFSInfo
 08A0:0088       _WriteFSInfo
 08A0:0108       _CheckFSInfo
 08A0:01E9       _GetFreeClusterSearchStart
 08A0:02F3       _GetNumberOfFreeClusters
 08A0:038E       _WriteFreeClusterStart
 08A0:03CB       _WriteFreeClusterCount
 08E0:0008       _ExtendedAbsReadWrite
 08E0:00B6       _GetFAT32SectorSize
 08F4:0003       _BackupBoot
 08F4:00F6       _MultipleBootCheck
 08F4:074D       _BackupFat
 08F4:077F       _SynchronizeFATs
 0973:000E       _GetRootDirVolumeLabel
 0992:0002       _CalculateSFNCheckSum
 099A:000F       _WalkDirectoryTree
 09E0:000C       _CopySectors
 09F4:00CE       _low_dircount
 0A07:00AF       _DestroyDirReferedTable
 0A07:0252       _FindClusterInDirectories
 0A07:02D5       _IndicateDirEntryMoved
 0A07:0352       _IndicateDirClusterMoved
 0A57:00EA       _DestroyFatReferedTable
 0A57:0114       _WriteFatReference
 0A57:01A2       _FindClusterInFAT
 0A75:000A       _GetNthCluster
 0A8C:000D       _GetNthDirectoryPosition
 0A8C:0155       _positiongetter
 0A8C:01CD       _GetNthDirectorySector
 0A8C:024B       _GetNthSubDirectoryPosition
 0A8C:02A5       _SubdirGetter
 0AC4:0009       _AdaptCurrentAndPreviousDirs
 0AF2:0007       _CreateFileChain
 0AF2:0117       _ExtendFileChain
 0AF2:038A       _AddDirectory
 0B96:0007       _LoFileNameExists
 0BA7:000D       _LocateFilePosition
 0BA7:0184       _LocatePathPosition
 0BA7:01A7       _LocateRelPathPosition
 0BDF:0002       _WalkWildcardPath
 0C0C:0005       _GetSurroundingCluster
 0C0C:00B3       _AddToFrontOfString
 0C0C:01C5       _FindPointingPosition
 0C0C:0215       _TraceFullPathName
 0C0C:0364       _GetSurroundingFile
 0C0C:0410       _TraceClusterPathName
 0C0C:0475       _TracePreviousDir
 0C5E:000B       _FindFirstFreeSpace
 0C5E:0188       _FindNextFreeSpace
 0C5E:038E       _FindFirstFittingFreeSpace
 0C5E:0412       _FindLastFreeCluster
 0C5E:04B6       _GetPreviousFreeCluster
 0C5E:053B       _GetFreeDiskSpace
 0C5E:05E1       _CalculateFreeSpace
 0CC6:000D       _CreateVirtualFile
 0CC6:00E4       _DeleteVirtualFile
 0CC6:011B       _GetVirtualFileSpaceUsed
 0CC6:01FB       _WriteVirtualFile
 0CC6:042C       _ReadVirtualFile
 0CC6:0654       _IsClusterUsed
 0CC6:0776       _EnsureClusterFree
 0CC6:0796       _EnsureClustersFree
 0CC6:1754       _PrepareVirtualFile
 0CC6:1AF9       _GetMaxRelocatableSize
 0E80:0006       _MatchWildcard
 0EA4:0009       _ConvertUserPath
 0EA4:0248       _ConvertEntryPath
 0ED5:0006       _GetPreviousDir
 0ED5:01B4       _MakeAbsolutePath
 0F06:000B       _InitSectorCache
 0F06:0018       _CloseSectorCache
 0F06:0029       _LockSectorCache
 0F06:0034       _UnlockSectorCache
 0F06:003F       _StartSectorCache
 0F06:004A       _StopSectorCache
 0F06:0055       _CacheIsCorrupt
 0F06:0064       _CacheSector
 0F06:0094       _RetreiveCachedSector
 0F06:00BD       _UncacheSector
 0F06:00DC       _InvalidateCache
 0F06:00EF       _CacheActive
 0F06:0117       _CommitCache
 0F18:000D       _InitialisePhysicalCache
 0F18:0097       _ClosePhysicalCache
 0F18:00AD       _RemapXMSBlock
 0F2F:000B       _InitialiseLogicalCache
 0F2F:00B4       _CloseLogicalCache
 0F2F:00E1       _EnsureBlockMapped
 0F4A:0122       _InitialisePerBlockCaching
 0F4A:01B7       _ClosePerBlockCaching
 0F4A:01DF       _CacheBlockSector
 0F4A:059A       _RetreiveBlockSector
 0F4A:070B       _UncacheBlockSector
 0F4A:083F       _InvalidateBlockCache
 0F4A:089E       _GetFirstDirtyTag
 0F4A:0DA5       _WriteBackCache
 0F4A:0EB7       _DBGLogSector
 0F4A:0F07       _DBGLogDelim
 0F4A:0F57       _DumpCache
 1058:0001       _XMSinit
 1058:0001       _XMMinit
 1058:004D       _XMScoreleft
 1058:0077       _XMSalloc
 1058:00BA       _XMSfree
 1058:0101       _DOStoXMSmove
 1058:0146       _XMStoDOSmove
 1070:000B       _InstallWriteFunction
 1070:00D1       _UninstallWriteFunction
 1070:01B3       _WriteBackSectors
 1097:0001       _disk_read
 1097:0051       _disk_read_ext
 10A3:000E       _disk_write_ext
 10AB:000B       _FTEAlloc
 10AB:0053       _FTEFree
 10AB:008A       _AllocateSector
 10AB:009B       _AllocateSectors
 10AB:00B0       _FreeSectors
 10AB:00C1       _AllocateBootSector
 10AB:00CF       _FreeBootSector
 10AB:00E0       _AllocateDirectoryEntry
 10AB:00EE       _FreeDirectoryEntry
 10AB:00FF       _AllocateFSInfo
 10AB:010D       _FreeFSInfo
 10BC:000E       _CreateBitField
 10BC:0098       _DestroyBitfield
 10BC:00B2       _SetBitfieldBit
 10BC:0116       _ClearBitfieldBit
 10BC:017C       _SwapBitfieldBits
 10E0:000D       _CreateVFSBitField
 10E0:00A4       _DestroyVFSBitfield
 10E0:00B6       _SetVFSBitfieldBit
 10E0:015C       _ClearVFSBitfieldBit
 10E0:0204       _GetVFSBitfieldBit
 10E0:028C       _SwapVFSBitfieldBits
 1116:000E       _CreateVFSArray
 1116:0076       _DestroyVFSArray
 1116:008C       _SetVFSArray
 1116:00C9       _GetVFSArray
 1126:0006       _CheckFatLabelValidity
 1126:0054       _MakeFatLabelsValid
 113B:000E       _MultipleFatCheck
 1158:0001       _FindCrossLinkedFiles
 1158:0017       _SplitCrossLinkedFiles
 1158:08F8       _DestroyClusterReferenceList
 11FE:000E       _FindLostClusters
 11FE:009E       _ConvertLostClustersToFiles
 12BE:0001       _GetFATSummary
 12CA:000B       _GetFilesSummary
 130E:0006       _ReportVolumeSummary
 138F:0006       _CheckFSString
 138F:00B7       _CorrectFSString
 13A9:0004       _CheckDescriptorInFat
 13A9:009A       _PlaceDescriptorInFat
 13C0:0003       _DescriptorCheck
 13D5:0000       _InitDblDotChecking
 13D5:001A       _PreProcesDblDotChecking
 13D5:003F       _CheckDirectoryForInvalidDblDots
 13D5:0106       _PostProcesDblDotChecking
 13D5:0124       _DestroyDblDotChecking
 13FA:0000       _InitDblNameChecking
 13FA:00B2       _PreProcesDblNameChecking
 13FA:00D6       _CheckDirectoryForDoubles
 13FA:0285       _PostProcesDblNameChecking
 13FA:02A3       _DestroyDblNameChecking
 1432:0009       _InitLFNChecking
 1432:0023       _PreProcesLFNChecking
 1432:0054       _CheckLFNInDirectory
 1432:02B7       _PostProcesLFNChecking
 1432:0316       _DestroyLFNChecking
 148D:0004       _CheckDirectoryEntries
 148D:0104       _FixDirectoryEntries
 1522:0000       _ScanFileChain
 157B:000A       _InitClusterEntryChecking
 157B:0052       _PreProcessClusterEntryChecking
 157B:00A4       _CheckEntriesInCluster
 157B:017C       _PostProcessClusterEntryChecking
 157B:01CE       _DestroyClusterEntryChecking
 157B:0202       _PerformEntryChecks
 15AB:0006       _PerformRootDirChecks
 15AB:013E       _RootDirChecker
 15C6:0007       _InitInvalidCharChecking
 15C6:0021       _PreProcesInvalidCharChecking
 15C6:0046       _CheckEntryForInvalidChars
 15C6:0420       _PostProcesInvalidCharChecking
 15C6:043E       _DestroyInvalidCharChecking
 1619:0007       _InitFirstClusterChecking
 1619:0021       _PreProcesFirstClusterChecking
 1619:003F       _CheckFirstCluster
 1619:013F       _PostProcesFirstClusterChecking
 1619:015D       _DestroyFirstClusterChecking
 1630:0004       _CreateFastTreeMap
 1630:004F       _CompressFastTreeMap
 1630:00C5       _MarkDirectoryEntry
 1630:0167       _DestroyFastTreeMap
 1630:0548       _FastWalkDirectoryTree
 1630:07DA       _IndicateTreeIncomplete
 1630:07E5       _IsTreeIncomplete
 16AE:000D       _IntelligentWalkDirectoryTree
 1748:0004       _PrintFileDefragFactors
 1771:0006       _ScanSurface
 1820:0009       _ReportFileSysError
 1820:0032       _ReportFileSysWarning
 1820:005B       _ReportGeneralRemark
 1820:0073       _ReportFileName
 1828:000B       _GetFilePrintBuffer
 1828:0015       _GetMessageBuffer
 1828:001F       _ShowDirectoryViolation
 1828:0096       _ShowClusterViolation
 1828:0108       _ShowFileNameViolation
 1828:014C       _ShowParentViolation
 1846:0000       DATASEG@
 1846:0059       __Int0Vector
 1846:005D       __Int4Vector
 1846:0061       __Int5Vector
 1846:0065       __Int6Vector
 1846:0069       __C0argc
 1846:006B       __C0argv
 1846:006F       __C0environ
 1846:0073       __envLng
 1846:0075       __envseg
 1846:0077       __envSize
 1846:0079       __psp
 1846:007B       __osmajor
 1846:007B       __version
 1846:007C       __osminor
 1846:007D       _errno
 1846:007F       __StartTime
 1846:0083       __heapbase
 1846:0087       __brklvl
 1846:008B       __heaptop
 1846:0090       _TheChecks
 1846:05E4       __kitten_catalog
 1846:05E6       _getlrem
 1846:05E8       _lastcr
 1846:0656       _LastReadBufferSector
 1846:0DEE       _DBG_HITS
 1846:0DF2       _DBG_WRITES
 1846:0DF6       _DBG_TOTAL
 1846:0DFA       _DBG_A
 1846:0DFE       _DBG_B
 1846:0E02       _DBG_C
 1846:0E06       _DBG_D
 1846:198A       _DirectoryChecks
 1846:1B46       _FastTreeLen
 1846:1C86       __atexitcnt
 1846:1E5E       __ctype
 1846:1F60       __exitbuf
 1846:1F64       __exitfopen
 1846:1F68       __exitopen
 1846:1F6E       __streams
 1846:20FE       __openfd
 1846:2126       __fmode
 1846:2128       __notUmask
 1846:2130       __stklen
 1846:214A       __doserrno
 1846:214C       __dosErrorToSV
 1846:21A6       __monthDay
 1846:21C0       _tzname
 1846:21C8       _timezone
 1846:21CC       _daylight
 1846:2242       __argc
 1846:2244       __argv
 1846:2252       _environ
 1846:2256       __ScanTodVector
 1846:2256       __RealCvtVector
 1846:226E       _getlp
 1846:2272       _getlbuf
 1846:4272       _catfile
 1846:42F2       _catpoints
 1846:45F2       _catcontents
 1846:6806       _VirtualDirectory
 1846:6B52       _NumberOfPhysicalBlocks
 1846:6B54       _LogicalBlocks
 1846:6B9E       _WriteFuncs
 1846:79D8       __atexittbl
 1846:7A86       __tmpnum
 1FF8:0000       _SwitchChar

Program entry point at 0000:0000

